---
http_interactions:
- request:
    method: get
    uri: https://api.themoviedb.org/3/movie/271110?api_key=<API Key>&language=en-US
    body:
      encoding: US-ASCII
      string: ''
    headers:
      User-Agent:
      - Faraday v2.6.0
      Accept-Encoding:
      - gzip;q=1.0,deflate;q=0.6,identity;q=0.3
      Accept:
      - "*/*"
  response:
    status:
      code: 200
      message: OK
    headers:
      Content-Type:
      - application/json;charset=utf-8
      Transfer-Encoding:
      - chunked
      Connection:
      - keep-alive
      Date:
      - Fri, 14 Oct 2022 04:04:57 GMT
      Server:
      - openresty
      Access-Control-Allow-Origin:
      - "*"
      Access-Control-Allow-Methods:
      - GET, HEAD, POST, PUT, DELETE, OPTIONS
      Access-Control-Expose-Headers:
      - ETag, X-RateLimit-Limit, X-RateLimit-Remaining, X-RateLimit-Reset, Retry-After,
        Content-Length, Content-Range
      Cache-Control:
      - public, max-age=28800
      X-Memc:
      - HIT
      X-Memc-Key:
      - 135c09591ed48adbff648f8b4e4448224ed50b7b
      X-Memc-Age:
      - '15019'
      X-Memc-Expires:
      - '284'
      Etag:
      - W/"6f1373c281784f454432295b5d148668"
      Vary:
      - Accept-Encoding
      X-Cache:
      - Hit from cloudfront
      Via:
      - 1.1 befcfd7ee847a3c890471f27612dbcde.cloudfront.net (CloudFront)
      X-Amz-Cf-Pop:
      - DEN52-P2
      Alt-Svc:
      - h3=":443"; ma=86400
      X-Amz-Cf-Id:
      - k-JLabjZX514TWZBoReaCGE4w4wfme2PgAwX0CvwTCHO-GbW6Imrbw==
      Age:
      - '12146'
    body:
      encoding: UTF-8
      string: '{"adult":false,"backdrop_path":"/wdwcOBMkt3zmPQuEMxB3FUtMio2.jpg","belongs_to_collection":{"id":131295,"name":"Captain
        America Collection","poster_path":"/2tOgiY533JSFp7OrVlkeRJvsZpI.jpg","backdrop_path":"/ezEpSQhUQxVKdMx81zaSLsTHv7j.jpg"},"budget":250000000,"genres":[{"id":12,"name":"Adventure"},{"id":28,"name":"Action"},{"id":878,"name":"Science
        Fiction"}],"homepage":"https://www.marvel.com/movies/captain-america-civil-war","id":271110,"imdb_id":"tt3498820","original_language":"en","original_title":"Captain
        America: Civil War","overview":"Following the events of Age of Ultron, the
        collective governments of the world pass an act designed to regulate all superhuman
        activity. This polarizes opinion amongst the Avengers, causing two factions
        to side with Iron Man or Captain America, which causes an epic battle between
        former allies.","popularity":118.414,"poster_path":"/rAGiXaUfPzY7CDEyNKUofk3Kw2e.jpg","production_companies":[{"id":420,"logo_path":"/hUzeosd33nzE5MCNsZxCGEKTXaQ.png","name":"Marvel
        Studios","origin_country":"US"}],"production_countries":[{"iso_3166_1":"US","name":"United
        States of America"}],"release_date":"2016-04-27","revenue":1153296293,"runtime":147,"spoken_languages":[{"english_name":"Romanian","iso_639_1":"ro","name":"Română"},{"english_name":"English","iso_639_1":"en","name":"English"},{"english_name":"German","iso_639_1":"de","name":"Deutsch"},{"english_name":"Russian","iso_639_1":"ru","name":"Pусский"}],"status":"Released","tagline":"United
        we stand. Divided we fall.","title":"Captain America: Civil War","video":false,"vote_average":7.437,"vote_count":20335}'
  recorded_at: Fri, 14 Oct 2022 07:27:23 GMT
- request:
    method: get
    uri: https://api.themoviedb.org/3/movie/3?api_key=<API Key>&language=en-US
    body:
      encoding: US-ASCII
      string: ''
    headers:
      User-Agent:
      - Faraday v2.6.0
      Accept-Encoding:
      - gzip;q=1.0,deflate;q=0.6,identity;q=0.3
      Accept:
      - "*/*"
  response:
    status:
      code: 200
      message: OK
    headers:
      Content-Type:
      - application/json;charset=utf-8
      Transfer-Encoding:
      - chunked
      Connection:
      - keep-alive
      Server:
      - openresty
      Access-Control-Allow-Origin:
      - "*"
      Access-Control-Allow-Methods:
      - GET, HEAD, POST, PUT, DELETE, OPTIONS
      Access-Control-Expose-Headers:
      - ETag, X-RateLimit-Limit, X-RateLimit-Remaining, X-RateLimit-Reset, Retry-After,
        Content-Length, Content-Range
      X-Memc:
      - HIT
      X-Memc-Key:
      - 82c1a0020867427996ad31593b14e1e0a9b8aa3a
      X-Memc-Age:
      - '1628'
      X-Memc-Expires:
      - '14272'
      Date:
      - Fri, 14 Oct 2022 04:04:58 GMT
      Cache-Control:
      - public, max-age=28800
      Etag:
      - W/"2f4d2861c6fca37b9e77285f4192db6c"
      Vary:
      - Accept-Encoding
      X-Cache:
      - Hit from cloudfront
      Via:
      - 1.1 f0a2a95cb4d25b2414a9c1a7a754943e.cloudfront.net (CloudFront)
      X-Amz-Cf-Pop:
      - DEN52-P2
      Alt-Svc:
      - h3=":443"; ma=86400
      X-Amz-Cf-Id:
      - Q0TqOFZgsziymkUKfnL2kO9P_IaOWEdFPFaLBwuM4UlcVQ6MY5jl-g==
      Age:
      - '12145'
    body:
      encoding: UTF-8
      string: '{"adult":false,"backdrop_path":"/l94l89eMmFKh7na2a1u5q67VgNx.jpg","belongs_to_collection":null,"budget":0,"genres":[{"id":18,"name":"Drama"},{"id":35,"name":"Comedy"}],"homepage":"","id":3,"imdb_id":"tt0092149","original_language":"fi","original_title":"Varjoja
        paratiisissa","overview":"An episode in the life of Nikander, a garbage man,
        involving the death of a co-worker, an affair and much more.","popularity":25.241,"poster_path":"/nj01hspawPof0mJmlgfjuLyJuRN.jpg","production_companies":[{"id":2303,"logo_path":null,"name":"Villealfa
        Filmproductions","origin_country":"FI"}],"production_countries":[{"iso_3166_1":"FI","name":"Finland"}],"release_date":"1986-10-17","revenue":0,"runtime":74,"spoken_languages":[{"english_name":"English","iso_639_1":"en","name":"English"},{"english_name":"Swedish","iso_639_1":"sv","name":"svenska"},{"english_name":"Finnish","iso_639_1":"fi","name":"suomi"}],"status":"Released","tagline":"","title":"Shadows
        in Paradise","video":false,"vote_average":7.213,"vote_count":200}'
  recorded_at: Fri, 14 Oct 2022 07:27:23 GMT
- request:
    method: get
    uri: https://api.themoviedb.org/3/movie/271110?api_key=<API Key>&language=en-US
    body:
      encoding: US-ASCII
      string: ''
    headers:
      User-Agent:
      - Faraday v2.6.0
      Accept-Encoding:
      - gzip;q=1.0,deflate;q=0.6,identity;q=0.3
      Accept:
      - "*/*"
  response:
    status:
      code: 200
      message: OK
    headers:
      Content-Type:
      - application/json;charset=utf-8
      Transfer-Encoding:
      - chunked
      Connection:
      - keep-alive
      Date:
      - Fri, 14 Oct 2022 04:04:57 GMT
      Server:
      - openresty
      Access-Control-Allow-Origin:
      - "*"
      Access-Control-Allow-Methods:
      - GET, HEAD, POST, PUT, DELETE, OPTIONS
      Access-Control-Expose-Headers:
      - ETag, X-RateLimit-Limit, X-RateLimit-Remaining, X-RateLimit-Reset, Retry-After,
        Content-Length, Content-Range
      Cache-Control:
      - public, max-age=28800
      X-Memc:
      - HIT
      X-Memc-Key:
      - 135c09591ed48adbff648f8b4e4448224ed50b7b
      X-Memc-Age:
      - '15019'
      X-Memc-Expires:
      - '284'
      Etag:
      - W/"6f1373c281784f454432295b5d148668"
      Vary:
      - Accept-Encoding
      X-Cache:
      - Hit from cloudfront
      Via:
      - 1.1 96725c0e4ced177a38df871e7cc48a4a.cloudfront.net (CloudFront)
      X-Amz-Cf-Pop:
      - DEN52-P2
      Alt-Svc:
      - h3=":443"; ma=86400
      X-Amz-Cf-Id:
      - lHT-Nhtl1ip0jv20T5Mh03Jrm_Sg47p09o6bAj8Y-0aJLMlK7zELkQ==
      Age:
      - '12146'
    body:
      encoding: UTF-8
      string: '{"adult":false,"backdrop_path":"/wdwcOBMkt3zmPQuEMxB3FUtMio2.jpg","belongs_to_collection":{"id":131295,"name":"Captain
        America Collection","poster_path":"/2tOgiY533JSFp7OrVlkeRJvsZpI.jpg","backdrop_path":"/ezEpSQhUQxVKdMx81zaSLsTHv7j.jpg"},"budget":250000000,"genres":[{"id":12,"name":"Adventure"},{"id":28,"name":"Action"},{"id":878,"name":"Science
        Fiction"}],"homepage":"https://www.marvel.com/movies/captain-america-civil-war","id":271110,"imdb_id":"tt3498820","original_language":"en","original_title":"Captain
        America: Civil War","overview":"Following the events of Age of Ultron, the
        collective governments of the world pass an act designed to regulate all superhuman
        activity. This polarizes opinion amongst the Avengers, causing two factions
        to side with Iron Man or Captain America, which causes an epic battle between
        former allies.","popularity":118.414,"poster_path":"/rAGiXaUfPzY7CDEyNKUofk3Kw2e.jpg","production_companies":[{"id":420,"logo_path":"/hUzeosd33nzE5MCNsZxCGEKTXaQ.png","name":"Marvel
        Studios","origin_country":"US"}],"production_countries":[{"iso_3166_1":"US","name":"United
        States of America"}],"release_date":"2016-04-27","revenue":1153296293,"runtime":147,"spoken_languages":[{"english_name":"Romanian","iso_639_1":"ro","name":"Română"},{"english_name":"English","iso_639_1":"en","name":"English"},{"english_name":"German","iso_639_1":"de","name":"Deutsch"},{"english_name":"Russian","iso_639_1":"ru","name":"Pусский"}],"status":"Released","tagline":"United
        we stand. Divided we fall.","title":"Captain America: Civil War","video":false,"vote_average":7.437,"vote_count":20335}'
  recorded_at: Fri, 14 Oct 2022 07:27:23 GMT
- request:
    method: get
    uri: https://api.themoviedb.org/3/movie/271110?api_key=<API Key>&language=en-US
    body:
      encoding: US-ASCII
      string: ''
    headers:
      User-Agent:
      - Faraday v2.6.0
      Accept-Encoding:
      - gzip;q=1.0,deflate;q=0.6,identity;q=0.3
      Accept:
      - "*/*"
  response:
    status:
      code: 200
      message: OK
    headers:
      Content-Type:
      - application/json;charset=utf-8
      Transfer-Encoding:
      - chunked
      Connection:
      - keep-alive
      Date:
      - Fri, 14 Oct 2022 04:04:57 GMT
      Server:
      - openresty
      Access-Control-Allow-Origin:
      - "*"
      Access-Control-Allow-Methods:
      - GET, HEAD, POST, PUT, DELETE, OPTIONS
      Access-Control-Expose-Headers:
      - ETag, X-RateLimit-Limit, X-RateLimit-Remaining, X-RateLimit-Reset, Retry-After,
        Content-Length, Content-Range
      Cache-Control:
      - public, max-age=28800
      X-Memc:
      - HIT
      X-Memc-Key:
      - 135c09591ed48adbff648f8b4e4448224ed50b7b
      X-Memc-Age:
      - '15019'
      X-Memc-Expires:
      - '284'
      Etag:
      - W/"6f1373c281784f454432295b5d148668"
      Vary:
      - Accept-Encoding
      X-Cache:
      - Hit from cloudfront
      Via:
      - 1.1 61ff1927788a811372346b5470412a78.cloudfront.net (CloudFront)
      X-Amz-Cf-Pop:
      - DEN52-P2
      Alt-Svc:
      - h3=":443"; ma=86400
      X-Amz-Cf-Id:
      - blwbQ1s6UB0W1fK9tE5RzrMUk_rEVy5_CRpzXts3ewy-sF5SvJQDOw==
      Age:
      - '12169'
    body:
      encoding: UTF-8
      string: '{"adult":false,"backdrop_path":"/wdwcOBMkt3zmPQuEMxB3FUtMio2.jpg","belongs_to_collection":{"id":131295,"name":"Captain
        America Collection","poster_path":"/2tOgiY533JSFp7OrVlkeRJvsZpI.jpg","backdrop_path":"/ezEpSQhUQxVKdMx81zaSLsTHv7j.jpg"},"budget":250000000,"genres":[{"id":12,"name":"Adventure"},{"id":28,"name":"Action"},{"id":878,"name":"Science
        Fiction"}],"homepage":"https://www.marvel.com/movies/captain-america-civil-war","id":271110,"imdb_id":"tt3498820","original_language":"en","original_title":"Captain
        America: Civil War","overview":"Following the events of Age of Ultron, the
        collective governments of the world pass an act designed to regulate all superhuman
        activity. This polarizes opinion amongst the Avengers, causing two factions
        to side with Iron Man or Captain America, which causes an epic battle between
        former allies.","popularity":118.414,"poster_path":"/rAGiXaUfPzY7CDEyNKUofk3Kw2e.jpg","production_companies":[{"id":420,"logo_path":"/hUzeosd33nzE5MCNsZxCGEKTXaQ.png","name":"Marvel
        Studios","origin_country":"US"}],"production_countries":[{"iso_3166_1":"US","name":"United
        States of America"}],"release_date":"2016-04-27","revenue":1153296293,"runtime":147,"spoken_languages":[{"english_name":"Romanian","iso_639_1":"ro","name":"Română"},{"english_name":"English","iso_639_1":"en","name":"English"},{"english_name":"German","iso_639_1":"de","name":"Deutsch"},{"english_name":"Russian","iso_639_1":"ru","name":"Pусский"}],"status":"Released","tagline":"United
        we stand. Divided we fall.","title":"Captain America: Civil War","video":false,"vote_average":7.437,"vote_count":20335}'
  recorded_at: Fri, 14 Oct 2022 07:27:46 GMT
- request:
    method: get
    uri: https://api.themoviedb.org/3/movie/271110?api_key=<API Key>&language=en-US
    body:
      encoding: US-ASCII
      string: ''
    headers:
      User-Agent:
      - Faraday v2.6.0
      Accept-Encoding:
      - gzip;q=1.0,deflate;q=0.6,identity;q=0.3
      Accept:
      - "*/*"
  response:
    status:
      code: 200
      message: OK
    headers:
      Content-Type:
      - application/json;charset=utf-8
      Transfer-Encoding:
      - chunked
      Connection:
      - keep-alive
      Date:
      - Fri, 14 Oct 2022 04:04:57 GMT
      Server:
      - openresty
      Access-Control-Allow-Origin:
      - "*"
      Access-Control-Allow-Methods:
      - GET, HEAD, POST, PUT, DELETE, OPTIONS
      Access-Control-Expose-Headers:
      - ETag, X-RateLimit-Limit, X-RateLimit-Remaining, X-RateLimit-Reset, Retry-After,
        Content-Length, Content-Range
      Cache-Control:
      - public, max-age=28800
      X-Memc:
      - HIT
      X-Memc-Key:
      - 135c09591ed48adbff648f8b4e4448224ed50b7b
      X-Memc-Age:
      - '15019'
      X-Memc-Expires:
      - '284'
      Etag:
      - W/"6f1373c281784f454432295b5d148668"
      Vary:
      - Accept-Encoding
      X-Cache:
      - Hit from cloudfront
      Via:
      - 1.1 61ff1927788a811372346b5470412a78.cloudfront.net (CloudFront)
      X-Amz-Cf-Pop:
      - DEN52-P2
      Alt-Svc:
      - h3=":443"; ma=86400
      X-Amz-Cf-Id:
      - IL9dOqKPnOP-ZqTcaTVrSXZc72ScY61KBy78A21UaRPMyISWyvP-CQ==
      Age:
      - '12169'
    body:
      encoding: UTF-8
      string: '{"adult":false,"backdrop_path":"/wdwcOBMkt3zmPQuEMxB3FUtMio2.jpg","belongs_to_collection":{"id":131295,"name":"Captain
        America Collection","poster_path":"/2tOgiY533JSFp7OrVlkeRJvsZpI.jpg","backdrop_path":"/ezEpSQhUQxVKdMx81zaSLsTHv7j.jpg"},"budget":250000000,"genres":[{"id":12,"name":"Adventure"},{"id":28,"name":"Action"},{"id":878,"name":"Science
        Fiction"}],"homepage":"https://www.marvel.com/movies/captain-america-civil-war","id":271110,"imdb_id":"tt3498820","original_language":"en","original_title":"Captain
        America: Civil War","overview":"Following the events of Age of Ultron, the
        collective governments of the world pass an act designed to regulate all superhuman
        activity. This polarizes opinion amongst the Avengers, causing two factions
        to side with Iron Man or Captain America, which causes an epic battle between
        former allies.","popularity":118.414,"poster_path":"/rAGiXaUfPzY7CDEyNKUofk3Kw2e.jpg","production_companies":[{"id":420,"logo_path":"/hUzeosd33nzE5MCNsZxCGEKTXaQ.png","name":"Marvel
        Studios","origin_country":"US"}],"production_countries":[{"iso_3166_1":"US","name":"United
        States of America"}],"release_date":"2016-04-27","revenue":1153296293,"runtime":147,"spoken_languages":[{"english_name":"Romanian","iso_639_1":"ro","name":"Română"},{"english_name":"English","iso_639_1":"en","name":"English"},{"english_name":"German","iso_639_1":"de","name":"Deutsch"},{"english_name":"Russian","iso_639_1":"ru","name":"Pусский"}],"status":"Released","tagline":"United
        we stand. Divided we fall.","title":"Captain America: Civil War","video":false,"vote_average":7.437,"vote_count":20335}'
  recorded_at: Fri, 14 Oct 2022 07:27:46 GMT
- request:
    method: get
    uri: https://api.themoviedb.org/3/movie/271110?api_key=<API Key>&language=en-US
    body:
      encoding: US-ASCII
      string: ''
    headers:
      User-Agent:
      - Faraday v2.6.0
      Accept-Encoding:
      - gzip;q=1.0,deflate;q=0.6,identity;q=0.3
      Accept:
      - "*/*"
  response:
    status:
      code: 200
      message: OK
    headers:
      Content-Type:
      - application/json;charset=utf-8
      Transfer-Encoding:
      - chunked
      Connection:
      - keep-alive
      Date:
      - Fri, 14 Oct 2022 04:04:57 GMT
      Server:
      - openresty
      Access-Control-Allow-Origin:
      - "*"
      Access-Control-Allow-Methods:
      - GET, HEAD, POST, PUT, DELETE, OPTIONS
      Access-Control-Expose-Headers:
      - ETag, X-RateLimit-Limit, X-RateLimit-Remaining, X-RateLimit-Reset, Retry-After,
        Content-Length, Content-Range
      Cache-Control:
      - public, max-age=28800
      X-Memc:
      - HIT
      X-Memc-Key:
      - 135c09591ed48adbff648f8b4e4448224ed50b7b
      X-Memc-Age:
      - '15019'
      X-Memc-Expires:
      - '284'
      Etag:
      - W/"6f1373c281784f454432295b5d148668"
      Vary:
      - Accept-Encoding
      X-Cache:
      - Hit from cloudfront
      Via:
      - 1.1 f111faa3f37b2169cefb225b0f246234.cloudfront.net (CloudFront)
      X-Amz-Cf-Pop:
      - DEN52-P2
      Alt-Svc:
      - h3=":443"; ma=86400
      X-Amz-Cf-Id:
      - s5q96gBg_sKtmY6hiEdTYpAgNOF6lanepNYcu8C5m92upPYezHrO8w==
      Age:
      - '12169'
    body:
      encoding: UTF-8
      string: '{"adult":false,"backdrop_path":"/wdwcOBMkt3zmPQuEMxB3FUtMio2.jpg","belongs_to_collection":{"id":131295,"name":"Captain
        America Collection","poster_path":"/2tOgiY533JSFp7OrVlkeRJvsZpI.jpg","backdrop_path":"/ezEpSQhUQxVKdMx81zaSLsTHv7j.jpg"},"budget":250000000,"genres":[{"id":12,"name":"Adventure"},{"id":28,"name":"Action"},{"id":878,"name":"Science
        Fiction"}],"homepage":"https://www.marvel.com/movies/captain-america-civil-war","id":271110,"imdb_id":"tt3498820","original_language":"en","original_title":"Captain
        America: Civil War","overview":"Following the events of Age of Ultron, the
        collective governments of the world pass an act designed to regulate all superhuman
        activity. This polarizes opinion amongst the Avengers, causing two factions
        to side with Iron Man or Captain America, which causes an epic battle between
        former allies.","popularity":118.414,"poster_path":"/rAGiXaUfPzY7CDEyNKUofk3Kw2e.jpg","production_companies":[{"id":420,"logo_path":"/hUzeosd33nzE5MCNsZxCGEKTXaQ.png","name":"Marvel
        Studios","origin_country":"US"}],"production_countries":[{"iso_3166_1":"US","name":"United
        States of America"}],"release_date":"2016-04-27","revenue":1153296293,"runtime":147,"spoken_languages":[{"english_name":"Romanian","iso_639_1":"ro","name":"Română"},{"english_name":"English","iso_639_1":"en","name":"English"},{"english_name":"German","iso_639_1":"de","name":"Deutsch"},{"english_name":"Russian","iso_639_1":"ru","name":"Pусский"}],"status":"Released","tagline":"United
        we stand. Divided we fall.","title":"Captain America: Civil War","video":false,"vote_average":7.437,"vote_count":20335}'
  recorded_at: Fri, 14 Oct 2022 07:27:46 GMT
- request:
    method: get
    uri: https://api.themoviedb.org/3/movie/271110?api_key=<API Key>&language=en-US
    body:
      encoding: US-ASCII
      string: ''
    headers:
      User-Agent:
      - Faraday v2.6.0
      Accept-Encoding:
      - gzip;q=1.0,deflate;q=0.6,identity;q=0.3
      Accept:
      - "*/*"
  response:
    status:
      code: 200
      message: OK
    headers:
      Content-Type:
      - application/json;charset=utf-8
      Transfer-Encoding:
      - chunked
      Connection:
      - keep-alive
      Date:
      - Fri, 14 Oct 2022 04:04:57 GMT
      Server:
      - openresty
      Access-Control-Allow-Origin:
      - "*"
      Access-Control-Allow-Methods:
      - GET, HEAD, POST, PUT, DELETE, OPTIONS
      Access-Control-Expose-Headers:
      - ETag, X-RateLimit-Limit, X-RateLimit-Remaining, X-RateLimit-Reset, Retry-After,
        Content-Length, Content-Range
      Cache-Control:
      - public, max-age=28800
      X-Memc:
      - HIT
      X-Memc-Key:
      - 135c09591ed48adbff648f8b4e4448224ed50b7b
      X-Memc-Age:
      - '15019'
      X-Memc-Expires:
      - '284'
      Etag:
      - W/"6f1373c281784f454432295b5d148668"
      Vary:
      - Accept-Encoding
      X-Cache:
      - Hit from cloudfront
      Via:
      - 1.1 f111faa3f37b2169cefb225b0f246234.cloudfront.net (CloudFront)
      X-Amz-Cf-Pop:
      - DEN52-P2
      Alt-Svc:
      - h3=":443"; ma=86400
      X-Amz-Cf-Id:
      - 44uQTq66vrLElLUDGSS0LnEP3WyHFiVugs4vtDfdFegZWS95eDabvQ==
      Age:
      - '12169'
    body:
      encoding: UTF-8
      string: '{"adult":false,"backdrop_path":"/wdwcOBMkt3zmPQuEMxB3FUtMio2.jpg","belongs_to_collection":{"id":131295,"name":"Captain
        America Collection","poster_path":"/2tOgiY533JSFp7OrVlkeRJvsZpI.jpg","backdrop_path":"/ezEpSQhUQxVKdMx81zaSLsTHv7j.jpg"},"budget":250000000,"genres":[{"id":12,"name":"Adventure"},{"id":28,"name":"Action"},{"id":878,"name":"Science
        Fiction"}],"homepage":"https://www.marvel.com/movies/captain-america-civil-war","id":271110,"imdb_id":"tt3498820","original_language":"en","original_title":"Captain
        America: Civil War","overview":"Following the events of Age of Ultron, the
        collective governments of the world pass an act designed to regulate all superhuman
        activity. This polarizes opinion amongst the Avengers, causing two factions
        to side with Iron Man or Captain America, which causes an epic battle between
        former allies.","popularity":118.414,"poster_path":"/rAGiXaUfPzY7CDEyNKUofk3Kw2e.jpg","production_companies":[{"id":420,"logo_path":"/hUzeosd33nzE5MCNsZxCGEKTXaQ.png","name":"Marvel
        Studios","origin_country":"US"}],"production_countries":[{"iso_3166_1":"US","name":"United
        States of America"}],"release_date":"2016-04-27","revenue":1153296293,"runtime":147,"spoken_languages":[{"english_name":"Romanian","iso_639_1":"ro","name":"Română"},{"english_name":"English","iso_639_1":"en","name":"English"},{"english_name":"German","iso_639_1":"de","name":"Deutsch"},{"english_name":"Russian","iso_639_1":"ru","name":"Pусский"}],"status":"Released","tagline":"United
        we stand. Divided we fall.","title":"Captain America: Civil War","video":false,"vote_average":7.437,"vote_count":20335}'
  recorded_at: Fri, 14 Oct 2022 07:27:46 GMT
- request:
    method: get
    uri: https://api.themoviedb.org/3/movie/271110?api_key=<API Key>&language=en-US
    body:
      encoding: US-ASCII
      string: ''
    headers:
      User-Agent:
      - Faraday v2.6.0
      Accept-Encoding:
      - gzip;q=1.0,deflate;q=0.6,identity;q=0.3
      Accept:
      - "*/*"
  response:
    status:
      code: 200
      message: OK
    headers:
      Content-Type:
      - application/json;charset=utf-8
      Transfer-Encoding:
      - chunked
      Connection:
      - keep-alive
      Date:
      - Fri, 14 Oct 2022 04:04:57 GMT
      Server:
      - openresty
      Access-Control-Allow-Origin:
      - "*"
      Access-Control-Allow-Methods:
      - GET, HEAD, POST, PUT, DELETE, OPTIONS
      Access-Control-Expose-Headers:
      - ETag, X-RateLimit-Limit, X-RateLimit-Remaining, X-RateLimit-Reset, Retry-After,
        Content-Length, Content-Range
      Cache-Control:
      - public, max-age=28800
      X-Memc:
      - HIT
      X-Memc-Key:
      - 135c09591ed48adbff648f8b4e4448224ed50b7b
      X-Memc-Age:
      - '15019'
      X-Memc-Expires:
      - '284'
      Etag:
      - W/"6f1373c281784f454432295b5d148668"
      Vary:
      - Accept-Encoding
      X-Cache:
      - Hit from cloudfront
      Via:
      - 1.1 88bce767af5e31f726ade38ea5253bd4.cloudfront.net (CloudFront)
      X-Amz-Cf-Pop:
      - DEN52-P2
      Alt-Svc:
      - h3=":443"; ma=86400
      X-Amz-Cf-Id:
      - l6_748Aq464FYrcI8J7lCMgZF30MOVVan_tCDol1Z3H0Xc9bSZ-brw==
      Age:
      - '12169'
    body:
      encoding: UTF-8
      string: '{"adult":false,"backdrop_path":"/wdwcOBMkt3zmPQuEMxB3FUtMio2.jpg","belongs_to_collection":{"id":131295,"name":"Captain
        America Collection","poster_path":"/2tOgiY533JSFp7OrVlkeRJvsZpI.jpg","backdrop_path":"/ezEpSQhUQxVKdMx81zaSLsTHv7j.jpg"},"budget":250000000,"genres":[{"id":12,"name":"Adventure"},{"id":28,"name":"Action"},{"id":878,"name":"Science
        Fiction"}],"homepage":"https://www.marvel.com/movies/captain-america-civil-war","id":271110,"imdb_id":"tt3498820","original_language":"en","original_title":"Captain
        America: Civil War","overview":"Following the events of Age of Ultron, the
        collective governments of the world pass an act designed to regulate all superhuman
        activity. This polarizes opinion amongst the Avengers, causing two factions
        to side with Iron Man or Captain America, which causes an epic battle between
        former allies.","popularity":118.414,"poster_path":"/rAGiXaUfPzY7CDEyNKUofk3Kw2e.jpg","production_companies":[{"id":420,"logo_path":"/hUzeosd33nzE5MCNsZxCGEKTXaQ.png","name":"Marvel
        Studios","origin_country":"US"}],"production_countries":[{"iso_3166_1":"US","name":"United
        States of America"}],"release_date":"2016-04-27","revenue":1153296293,"runtime":147,"spoken_languages":[{"english_name":"Romanian","iso_639_1":"ro","name":"Română"},{"english_name":"English","iso_639_1":"en","name":"English"},{"english_name":"German","iso_639_1":"de","name":"Deutsch"},{"english_name":"Russian","iso_639_1":"ru","name":"Pусский"}],"status":"Released","tagline":"United
        we stand. Divided we fall.","title":"Captain America: Civil War","video":false,"vote_average":7.437,"vote_count":20335}'
  recorded_at: Fri, 14 Oct 2022 07:27:46 GMT
- request:
    method: get
    uri: https://api.themoviedb.org/3/movie/271110?api_key=<API Key>&language=en-US
    body:
      encoding: US-ASCII
      string: ''
    headers:
      User-Agent:
      - Faraday v2.6.0
      Accept-Encoding:
      - gzip;q=1.0,deflate;q=0.6,identity;q=0.3
      Accept:
      - "*/*"
  response:
    status:
      code: 200
      message: OK
    headers:
      Content-Type:
      - application/json;charset=utf-8
      Transfer-Encoding:
      - chunked
      Connection:
      - keep-alive
      Date:
      - Fri, 14 Oct 2022 04:04:57 GMT
      Server:
      - openresty
      Access-Control-Allow-Origin:
      - "*"
      Access-Control-Allow-Methods:
      - GET, HEAD, POST, PUT, DELETE, OPTIONS
      Access-Control-Expose-Headers:
      - ETag, X-RateLimit-Limit, X-RateLimit-Remaining, X-RateLimit-Reset, Retry-After,
        Content-Length, Content-Range
      Cache-Control:
      - public, max-age=28800
      X-Memc:
      - HIT
      X-Memc-Key:
      - 135c09591ed48adbff648f8b4e4448224ed50b7b
      X-Memc-Age:
      - '15019'
      X-Memc-Expires:
      - '284'
      Etag:
      - W/"6f1373c281784f454432295b5d148668"
      Vary:
      - Accept-Encoding
      X-Cache:
      - Hit from cloudfront
      Via:
      - 1.1 88bce767af5e31f726ade38ea5253bd4.cloudfront.net (CloudFront)
      X-Amz-Cf-Pop:
      - DEN52-P2
      Alt-Svc:
      - h3=":443"; ma=86400
      X-Amz-Cf-Id:
      - hAaEx5LJ_jptVkSxxv6kbPzZYUnfhu5-qGGzaOt67AZmpxqptG6cJQ==
      Age:
      - '12170'
    body:
      encoding: UTF-8
      string: '{"adult":false,"backdrop_path":"/wdwcOBMkt3zmPQuEMxB3FUtMio2.jpg","belongs_to_collection":{"id":131295,"name":"Captain
        America Collection","poster_path":"/2tOgiY533JSFp7OrVlkeRJvsZpI.jpg","backdrop_path":"/ezEpSQhUQxVKdMx81zaSLsTHv7j.jpg"},"budget":250000000,"genres":[{"id":12,"name":"Adventure"},{"id":28,"name":"Action"},{"id":878,"name":"Science
        Fiction"}],"homepage":"https://www.marvel.com/movies/captain-america-civil-war","id":271110,"imdb_id":"tt3498820","original_language":"en","original_title":"Captain
        America: Civil War","overview":"Following the events of Age of Ultron, the
        collective governments of the world pass an act designed to regulate all superhuman
        activity. This polarizes opinion amongst the Avengers, causing two factions
        to side with Iron Man or Captain America, which causes an epic battle between
        former allies.","popularity":118.414,"poster_path":"/rAGiXaUfPzY7CDEyNKUofk3Kw2e.jpg","production_companies":[{"id":420,"logo_path":"/hUzeosd33nzE5MCNsZxCGEKTXaQ.png","name":"Marvel
        Studios","origin_country":"US"}],"production_countries":[{"iso_3166_1":"US","name":"United
        States of America"}],"release_date":"2016-04-27","revenue":1153296293,"runtime":147,"spoken_languages":[{"english_name":"Romanian","iso_639_1":"ro","name":"Română"},{"english_name":"English","iso_639_1":"en","name":"English"},{"english_name":"German","iso_639_1":"de","name":"Deutsch"},{"english_name":"Russian","iso_639_1":"ru","name":"Pусский"}],"status":"Released","tagline":"United
        we stand. Divided we fall.","title":"Captain America: Civil War","video":false,"vote_average":7.437,"vote_count":20335}'
  recorded_at: Fri, 14 Oct 2022 07:27:47 GMT
- request:
    method: get
    uri: https://api.themoviedb.org/3/movie/271110?api_key=<API Key>&language=en-US
    body:
      encoding: US-ASCII
      string: ''
    headers:
      User-Agent:
      - Faraday v2.6.0
      Accept-Encoding:
      - gzip;q=1.0,deflate;q=0.6,identity;q=0.3
      Accept:
      - "*/*"
  response:
    status:
      code: 200
      message: OK
    headers:
      Content-Type:
      - application/json;charset=utf-8
      Transfer-Encoding:
      - chunked
      Connection:
      - keep-alive
      Date:
      - Fri, 14 Oct 2022 04:04:57 GMT
      Server:
      - openresty
      Access-Control-Allow-Origin:
      - "*"
      Access-Control-Allow-Methods:
      - GET, HEAD, POST, PUT, DELETE, OPTIONS
      Access-Control-Expose-Headers:
      - ETag, X-RateLimit-Limit, X-RateLimit-Remaining, X-RateLimit-Reset, Retry-After,
        Content-Length, Content-Range
      Cache-Control:
      - public, max-age=28800
      X-Memc:
      - HIT
      X-Memc-Key:
      - 135c09591ed48adbff648f8b4e4448224ed50b7b
      X-Memc-Age:
      - '15019'
      X-Memc-Expires:
      - '284'
      Etag:
      - W/"6f1373c281784f454432295b5d148668"
      Vary:
      - Accept-Encoding
      X-Cache:
      - Hit from cloudfront
      Via:
      - 1.1 f9a5caa2a18f480171fad57618db559e.cloudfront.net (CloudFront)
      X-Amz-Cf-Pop:
      - DEN52-P2
      Alt-Svc:
      - h3=":443"; ma=86400
      X-Amz-Cf-Id:
      - IpnMopgv-TpO3FHuLN1jE0f0Z5Ne24MkLN8QnjpKGr4Hfe7VTXeqFw==
      Age:
      - '12170'
    body:
      encoding: UTF-8
      string: '{"adult":false,"backdrop_path":"/wdwcOBMkt3zmPQuEMxB3FUtMio2.jpg","belongs_to_collection":{"id":131295,"name":"Captain
        America Collection","poster_path":"/2tOgiY533JSFp7OrVlkeRJvsZpI.jpg","backdrop_path":"/ezEpSQhUQxVKdMx81zaSLsTHv7j.jpg"},"budget":250000000,"genres":[{"id":12,"name":"Adventure"},{"id":28,"name":"Action"},{"id":878,"name":"Science
        Fiction"}],"homepage":"https://www.marvel.com/movies/captain-america-civil-war","id":271110,"imdb_id":"tt3498820","original_language":"en","original_title":"Captain
        America: Civil War","overview":"Following the events of Age of Ultron, the
        collective governments of the world pass an act designed to regulate all superhuman
        activity. This polarizes opinion amongst the Avengers, causing two factions
        to side with Iron Man or Captain America, which causes an epic battle between
        former allies.","popularity":118.414,"poster_path":"/rAGiXaUfPzY7CDEyNKUofk3Kw2e.jpg","production_companies":[{"id":420,"logo_path":"/hUzeosd33nzE5MCNsZxCGEKTXaQ.png","name":"Marvel
        Studios","origin_country":"US"}],"production_countries":[{"iso_3166_1":"US","name":"United
        States of America"}],"release_date":"2016-04-27","revenue":1153296293,"runtime":147,"spoken_languages":[{"english_name":"Romanian","iso_639_1":"ro","name":"Română"},{"english_name":"English","iso_639_1":"en","name":"English"},{"english_name":"German","iso_639_1":"de","name":"Deutsch"},{"english_name":"Russian","iso_639_1":"ru","name":"Pусский"}],"status":"Released","tagline":"United
        we stand. Divided we fall.","title":"Captain America: Civil War","video":false,"vote_average":7.437,"vote_count":20335}'
  recorded_at: Fri, 14 Oct 2022 07:27:47 GMT
- request:
    method: get
    uri: https://api.themoviedb.org/3/movie/271110?api_key=<API Key>&language=en-US
    body:
      encoding: US-ASCII
      string: ''
    headers:
      User-Agent:
      - Faraday v2.6.0
      Accept-Encoding:
      - gzip;q=1.0,deflate;q=0.6,identity;q=0.3
      Accept:
      - "*/*"
  response:
    status:
      code: 200
      message: OK
    headers:
      Content-Type:
      - application/json;charset=utf-8
      Transfer-Encoding:
      - chunked
      Connection:
      - keep-alive
      Date:
      - Fri, 14 Oct 2022 04:04:57 GMT
      Server:
      - openresty
      Access-Control-Allow-Origin:
      - "*"
      Access-Control-Allow-Methods:
      - GET, HEAD, POST, PUT, DELETE, OPTIONS
      Access-Control-Expose-Headers:
      - ETag, X-RateLimit-Limit, X-RateLimit-Remaining, X-RateLimit-Reset, Retry-After,
        Content-Length, Content-Range
      Cache-Control:
      - public, max-age=28800
      X-Memc:
      - HIT
      X-Memc-Key:
      - 135c09591ed48adbff648f8b4e4448224ed50b7b
      X-Memc-Age:
      - '15019'
      X-Memc-Expires:
      - '284'
      Etag:
      - W/"6f1373c281784f454432295b5d148668"
      Vary:
      - Accept-Encoding
      X-Cache:
      - Hit from cloudfront
      Via:
      - 1.1 61ff1927788a811372346b5470412a78.cloudfront.net (CloudFront)
      X-Amz-Cf-Pop:
      - DEN52-P2
      Alt-Svc:
      - h3=":443"; ma=86400
      X-Amz-Cf-Id:
      - vc4YYLXzf2TS5WHAtecCa_-fOqMbmTtU3fmwEzzY0z28mmAvMBMBig==
      Age:
      - '12848'
    body:
      encoding: UTF-8
      string: '{"adult":false,"backdrop_path":"/wdwcOBMkt3zmPQuEMxB3FUtMio2.jpg","belongs_to_collection":{"id":131295,"name":"Captain
        America Collection","poster_path":"/2tOgiY533JSFp7OrVlkeRJvsZpI.jpg","backdrop_path":"/ezEpSQhUQxVKdMx81zaSLsTHv7j.jpg"},"budget":250000000,"genres":[{"id":12,"name":"Adventure"},{"id":28,"name":"Action"},{"id":878,"name":"Science
        Fiction"}],"homepage":"https://www.marvel.com/movies/captain-america-civil-war","id":271110,"imdb_id":"tt3498820","original_language":"en","original_title":"Captain
        America: Civil War","overview":"Following the events of Age of Ultron, the
        collective governments of the world pass an act designed to regulate all superhuman
        activity. This polarizes opinion amongst the Avengers, causing two factions
        to side with Iron Man or Captain America, which causes an epic battle between
        former allies.","popularity":118.414,"poster_path":"/rAGiXaUfPzY7CDEyNKUofk3Kw2e.jpg","production_companies":[{"id":420,"logo_path":"/hUzeosd33nzE5MCNsZxCGEKTXaQ.png","name":"Marvel
        Studios","origin_country":"US"}],"production_countries":[{"iso_3166_1":"US","name":"United
        States of America"}],"release_date":"2016-04-27","revenue":1153296293,"runtime":147,"spoken_languages":[{"english_name":"Romanian","iso_639_1":"ro","name":"Română"},{"english_name":"English","iso_639_1":"en","name":"English"},{"english_name":"German","iso_639_1":"de","name":"Deutsch"},{"english_name":"Russian","iso_639_1":"ru","name":"Pусский"}],"status":"Released","tagline":"United
        we stand. Divided we fall.","title":"Captain America: Civil War","video":false,"vote_average":7.437,"vote_count":20335}'
  recorded_at: Fri, 14 Oct 2022 07:39:05 GMT
recorded_with: VCR 6.1.0
